Analysis & Synthesis report for PROCESSOR_PIPELINE
Tue Dec 16 09:42:14 2025
Quartus II 64-Bit Version 13.0.1 Build 232 06/12/2013 Service Pack 1 SJ Web Edition


---------------------
; Table of Contents ;
---------------------
  1. Legal Notice
  2. Analysis & Synthesis Summary
  3. Analysis & Synthesis Settings
  4. Parallel Compilation
  5. Analysis & Synthesis Source Files Read
  6. Analysis & Synthesis Resource Usage Summary
  7. Analysis & Synthesis Resource Utilization by Entity
  8. Analysis & Synthesis DSP Block Usage Summary
  9. Registers Removed During Synthesis
 10. Removed Registers Triggering Further Register Optimizations
 11. General Register Statistics
 12. Inverted Register Statistics
 13. Multiplexer Restructuring Statistics (Restructuring Performed)
 14. Parameter Settings for Inferred Entity Instance: DATAPATH_PIPELINE:datapath_module|ALU:alu|lpm_mult:Mult0
 15. lpm_mult Parameter Settings by Entity Instance
 16. Port Connectivity Checks: "DATAPATH_PIPELINE:datapath_module|HAZARD_DETECTION:hazard_detection"
 17. Port Connectivity Checks: "DATAPATH_PIPELINE:datapath_module|MEM_WB_REG:mem_wb_reg"
 18. Port Connectivity Checks: "DATAPATH_PIPELINE:datapath_module|EX_MEM_REG:ex_mem_reg"
 19. Port Connectivity Checks: "DATAPATH_PIPELINE:datapath_module|ID_EX_REG:id_ex_reg"
 20. Port Connectivity Checks: "DATAPATH_PIPELINE:datapath_module|IF_ID_REG:if_id_reg"
 21. Port Connectivity Checks: "DATAPATH_PIPELINE:datapath_module"
 22. Port Connectivity Checks: "IFU_PIPELINE:ifu_module|INST_MEM:instr_mem"
 23. Elapsed Time Per Partition
 24. Analysis & Synthesis Messages



----------------
; Legal Notice ;
----------------
Copyright (C) 1991-2013 Altera Corporation
Your use of Altera Corporation's design tools, logic functions 
and other software and tools, and its AMPP partner logic 
functions, and any output files from any of the foregoing 
(including device programming or simulation files), and any 
associated documentation or information are expressly subject 
to the terms and conditions of the Altera Program License 
Subscription Agreement, Altera MegaCore Function License 
Agreement, or other applicable license agreement, including, 
without limitation, that your use is for the sole purpose of 
programming logic devices manufactured by Altera and sold by 
Altera or its authorized distributors.  Please refer to the 
applicable agreement for further details.



+--------------------------------------------------------------------------------------+
; Analysis & Synthesis Summary                                                         ;
+------------------------------------+-------------------------------------------------+
; Analysis & Synthesis Status        ; Successful - Tue Dec 16 09:42:14 2025           ;
; Quartus II 64-Bit Version          ; 13.0.1 Build 232 06/12/2013 SP 1 SJ Web Edition ;
; Revision Name                      ; PROCESSOR_PIPELINE                              ;
; Top-level Entity Name              ; PROCESSOR_PIPELINE                              ;
; Family                             ; Cyclone II                                      ;
; Total logic elements               ; 2,641                                           ;
;     Total combinational functions  ; 1,644                                           ;
;     Dedicated logic registers      ; 1,191                                           ;
; Total registers                    ; 1191                                            ;
; Total pins                         ; 3                                               ;
; Total virtual pins                 ; 0                                               ;
; Total memory bits                  ; 0                                               ;
; Embedded Multiplier 9-bit elements ; 6                                               ;
; Total PLLs                         ; 0                                               ;
+------------------------------------+-------------------------------------------------+


+----------------------------------------------------------------------------------------------------------------------+
; Analysis & Synthesis Settings                                                                                        ;
+----------------------------------------------------------------------------+--------------------+--------------------+
; Option                                                                     ; Setting            ; Default Value      ;
+----------------------------------------------------------------------------+--------------------+--------------------+
; Device                                                                     ; EP2C35F672C6       ;                    ;
; Top-level entity name                                                      ; PROCESSOR_PIPELINE ; PROCESSOR_PIPELINE ;
; Family name                                                                ; Cyclone II         ; Cyclone IV GX      ;
; Use smart compilation                                                      ; Off                ; Off                ;
; Enable parallel Assembler and TimeQuest Timing Analyzer during compilation ; On                 ; On                 ;
; Enable compact report table                                                ; Off                ; Off                ;
; Restructure Multiplexers                                                   ; Auto               ; Auto               ;
; Create Debugging Nodes for IP Cores                                        ; Off                ; Off                ;
; Preserve fewer node names                                                  ; On                 ; On                 ;
; Disable OpenCore Plus hardware evaluation                                  ; Off                ; Off                ;
; Verilog Version                                                            ; Verilog_2001       ; Verilog_2001       ;
; VHDL Version                                                               ; VHDL_1993          ; VHDL_1993          ;
; State Machine Processing                                                   ; Auto               ; Auto               ;
; Safe State Machine                                                         ; Off                ; Off                ;
; Extract Verilog State Machines                                             ; On                 ; On                 ;
; Extract VHDL State Machines                                                ; On                 ; On                 ;
; Ignore Verilog initial constructs                                          ; Off                ; Off                ;
; Iteration limit for constant Verilog loops                                 ; 5000               ; 5000               ;
; Iteration limit for non-constant Verilog loops                             ; 250                ; 250                ;
; Add Pass-Through Logic to Inferred RAMs                                    ; On                 ; On                 ;
; Infer RAMs from Raw Logic                                                  ; On                 ; On                 ;
; Parallel Synthesis                                                         ; On                 ; On                 ;
; DSP Block Balancing                                                        ; Auto               ; Auto               ;
; NOT Gate Push-Back                                                         ; On                 ; On                 ;
; Power-Up Don't Care                                                        ; On                 ; On                 ;
; Remove Redundant Logic Cells                                               ; Off                ; Off                ;
; Remove Duplicate Registers                                                 ; On                 ; On                 ;
; Ignore CARRY Buffers                                                       ; Off                ; Off                ;
; Ignore CASCADE Buffers                                                     ; Off                ; Off                ;
; Ignore GLOBAL Buffers                                                      ; Off                ; Off                ;
; Ignore ROW GLOBAL Buffers                                                  ; Off                ; Off                ;
; Ignore LCELL Buffers                                                       ; Off                ; Off                ;
; Ignore SOFT Buffers                                                        ; On                 ; On                 ;
; Limit AHDL Integers to 32 Bits                                             ; Off                ; Off                ;
; Optimization Technique                                                     ; Balanced           ; Balanced           ;
; Carry Chain Length                                                         ; 70                 ; 70                 ;
; Auto Carry Chains                                                          ; On                 ; On                 ;
; Auto Open-Drain Pins                                                       ; On                 ; On                 ;
; Perform WYSIWYG Primitive Resynthesis                                      ; Off                ; Off                ;
; Auto ROM Replacement                                                       ; On                 ; On                 ;
; Auto RAM Replacement                                                       ; On                 ; On                 ;
; Auto Shift Register Replacement                                            ; Auto               ; Auto               ;
; Allow Shift Register Merging across Hierarchies                            ; Auto               ; Auto               ;
; Auto Clock Enable Replacement                                              ; On                 ; On                 ;
; Strict RAM Replacement                                                     ; Off                ; Off                ;
; Allow Synchronous Control Signals                                          ; On                 ; On                 ;
; Force Use of Synchronous Clear Signals                                     ; Off                ; Off                ;
; Auto RAM to Logic Cell Conversion                                          ; Off                ; Off                ;
; Auto Resource Sharing                                                      ; Off                ; Off                ;
; Allow Any RAM Size For Recognition                                         ; Off                ; Off                ;
; Allow Any ROM Size For Recognition                                         ; Off                ; Off                ;
; Allow Any Shift Register Size For Recognition                              ; Off                ; Off                ;
; Use LogicLock Constraints during Resource Balancing                        ; On                 ; On                 ;
; Ignore translate_off and synthesis_off directives                          ; Off                ; Off                ;
; Timing-Driven Synthesis                                                    ; Off                ; Off                ;
; Report Parameter Settings                                                  ; On                 ; On                 ;
; Report Source Assignments                                                  ; On                 ; On                 ;
; Report Connectivity Checks                                                 ; On                 ; On                 ;
; Ignore Maximum Fan-Out Assignments                                         ; Off                ; Off                ;
; Synchronization Register Chain Length                                      ; 2                  ; 2                  ;
; PowerPlay Power Optimization                                               ; Normal compilation ; Normal compilation ;
; HDL message level                                                          ; Level2             ; Level2             ;
; Suppress Register Optimization Related Messages                            ; Off                ; Off                ;
; Number of Removed Registers Reported in Synthesis Report                   ; 5000               ; 5000               ;
; Number of Swept Nodes Reported in Synthesis Report                         ; 5000               ; 5000               ;
; Number of Inverted Registers Reported in Synthesis Report                  ; 100                ; 100                ;
; Clock MUX Protection                                                       ; On                 ; On                 ;
; Auto Gated Clock Conversion                                                ; Off                ; Off                ;
; Block Design Naming                                                        ; Auto               ; Auto               ;
; SDC constraint protection                                                  ; Off                ; Off                ;
; Synthesis Effort                                                           ; Auto               ; Auto               ;
; Shift Register Replacement - Allow Asynchronous Clear Signal               ; On                 ; On                 ;
; Pre-Mapping Resynthesis Optimization                                       ; Off                ; Off                ;
; Analysis & Synthesis Message Level                                         ; Medium             ; Medium             ;
; Disable Register Merging Across Hierarchies                                ; Auto               ; Auto               ;
; Resource Aware Inference For Block RAM                                     ; On                 ; On                 ;
; Synthesis Seed                                                             ; 1                  ; 1                  ;
+----------------------------------------------------------------------------+--------------------+--------------------+


Parallel compilation was disabled, but you have multiple processors available. Enable parallel compilation to reduce compilation time.
+-------------------------------------+
; Parallel Compilation                ;
+----------------------------+--------+
; Processors                 ; Number ;
+----------------------------+--------+
; Number detected on machine ; 16     ;
; Maximum allowed            ; 1      ;
+----------------------------+--------+


+-----------------------------------------------------------------------------------------------------------------------------------------------------------------+
; Analysis & Synthesis Source Files Read                                                                                                                          ;
+----------------------------------+-----------------+------------------------------+-------------------------------------------------------------------+---------+
; File Name with User-Entered Path ; Used in Netlist ; File Type                    ; File Name with Absolute Path                                      ; Library ;
+----------------------------------+-----------------+------------------------------+-------------------------------------------------------------------+---------+
; PROCESSOR_PIPELINE.v             ; yes             ; User Verilog HDL File        ; D:/Quartus 2/Chuyen_de/Thi_CK/RISC_V_v2/PROCESSOR_PIPELINE.v      ;         ;
; DATAPATH_PIPELINE.v              ; yes             ; User Verilog HDL File        ; D:/Quartus 2/Chuyen_de/Thi_CK/RISC_V_v2/DATAPATH_PIPELINE.v       ;         ;
; IF_ID_REG.v                      ; yes             ; User Verilog HDL File        ; D:/Quartus 2/Chuyen_de/Thi_CK/RISC_V_v2/IF_ID_REG.v               ;         ;
; ID_EX_REG.v                      ; yes             ; User Verilog HDL File        ; D:/Quartus 2/Chuyen_de/Thi_CK/RISC_V_v2/ID_EX_REG.v               ;         ;
; EX_MEM_REG.v                     ; yes             ; User Verilog HDL File        ; D:/Quartus 2/Chuyen_de/Thi_CK/RISC_V_v2/EX_MEM_REG.v              ;         ;
; MEM_WB_REG.v                     ; yes             ; User Verilog HDL File        ; D:/Quartus 2/Chuyen_de/Thi_CK/RISC_V_v2/MEM_WB_REG.v              ;         ;
; FORWARDING_UNIT.v                ; yes             ; User Verilog HDL File        ; D:/Quartus 2/Chuyen_de/Thi_CK/RISC_V_v2/FORWARDING_UNIT.v         ;         ;
; HAZARD_DETECTION.v               ; yes             ; User Verilog HDL File        ; D:/Quartus 2/Chuyen_de/Thi_CK/RISC_V_v2/HAZARD_DETECTION.v        ;         ;
; ALU.v                            ; yes             ; User Verilog HDL File        ; D:/Quartus 2/Chuyen_de/Thi_CK/RISC_V_v2/ALU.v                     ;         ;
; INST_MEM.v                       ; yes             ; User Verilog HDL File        ; D:/Quartus 2/Chuyen_de/Thi_CK/RISC_V_v2/INST_MEM.v                ;         ;
; CONTROL.v                        ; yes             ; User Verilog HDL File        ; D:/Quartus 2/Chuyen_de/Thi_CK/RISC_V_v2/CONTROL.v                 ;         ;
; REG_FILE.v                       ; yes             ; User Verilog HDL File        ; D:/Quartus 2/Chuyen_de/Thi_CK/RISC_V_v2/REG_FILE.v                ;         ;
; lpm_mult.tdf                     ; yes             ; Megafunction                 ; c:/altera/13.0sp1/quartus/libraries/megafunctions/lpm_mult.tdf    ;         ;
; aglobal130.inc                   ; yes             ; Megafunction                 ; c:/altera/13.0sp1/quartus/libraries/megafunctions/aglobal130.inc  ;         ;
; lpm_add_sub.inc                  ; yes             ; Megafunction                 ; c:/altera/13.0sp1/quartus/libraries/megafunctions/lpm_add_sub.inc ;         ;
; multcore.inc                     ; yes             ; Megafunction                 ; c:/altera/13.0sp1/quartus/libraries/megafunctions/multcore.inc    ;         ;
; bypassff.inc                     ; yes             ; Megafunction                 ; c:/altera/13.0sp1/quartus/libraries/megafunctions/bypassff.inc    ;         ;
; altshift.inc                     ; yes             ; Megafunction                 ; c:/altera/13.0sp1/quartus/libraries/megafunctions/altshift.inc    ;         ;
; db/mult_l8t.tdf                  ; yes             ; Auto-Generated Megafunction  ; D:/Quartus 2/Chuyen_de/Thi_CK/RISC_V_v2/db/mult_l8t.tdf           ;         ;
+----------------------------------+-----------------+------------------------------+-------------------------------------------------------------------+---------+


+-----------------------------------------------------+
; Analysis & Synthesis Resource Usage Summary         ;
+---------------------------------------------+-------+
; Resource                                    ; Usage ;
+---------------------------------------------+-------+
; Estimated Total logic elements              ; 2,641 ;
;                                             ;       ;
; Total combinational functions               ; 1644  ;
; Logic element usage by number of LUT inputs ;       ;
;     -- 4 input functions                    ; 1111  ;
;     -- 3 input functions                    ; 394   ;
;     -- <=2 input functions                  ; 139   ;
;                                             ;       ;
; Logic elements by mode                      ;       ;
;     -- normal mode                          ; 1527  ;
;     -- arithmetic mode                      ; 117   ;
;                                             ;       ;
; Total registers                             ; 1191  ;
;     -- Dedicated logic registers            ; 1191  ;
;     -- I/O registers                        ; 0     ;
;                                             ;       ;
; I/O pins                                    ; 3     ;
; Embedded Multiplier 9-bit elements          ; 6     ;
; Maximum fan-out node                        ; clock ;
; Maximum fan-out                             ; 1191  ;
; Total fan-out                               ; 10525 ;
; Average fan-out                             ; 3.70  ;
+---------------------------------------------+-------+


+---------------------------------------------------------------------------------------------------------------------------------------------------------------------------------------------------------------------------------------------------------------------------+
; Analysis & Synthesis Resource Utilization by Entity                                                                                                                                                                                                                       ;
+-----------------------------------------+-------------------+--------------+-------------+--------------+---------+-----------+------+--------------+------------------------------------------------------------------------------------------------------+--------------+
; Compilation Hierarchy Node              ; LC Combinationals ; LC Registers ; Memory Bits ; DSP Elements ; DSP 9x9 ; DSP 18x18 ; Pins ; Virtual Pins ; Full Hierarchy Name                                                                                  ; Library Name ;
+-----------------------------------------+-------------------+--------------+-------------+--------------+---------+-----------+------+--------------+------------------------------------------------------------------------------------------------------+--------------+
; |PROCESSOR_PIPELINE                     ; 1644 (1)          ; 1191 (0)     ; 0           ; 6            ; 0       ; 3         ; 3    ; 0            ; |PROCESSOR_PIPELINE                                                                                  ; work         ;
;    |DATAPATH_PIPELINE:datapath_module|  ; 1590 (129)        ; 1161 (0)     ; 0           ; 6            ; 0       ; 3         ; 0    ; 0            ; |PROCESSOR_PIPELINE|DATAPATH_PIPELINE:datapath_module                                                ; work         ;
;       |ALU:alu|                         ; 647 (619)         ; 0 (0)        ; 0           ; 6            ; 0       ; 3         ; 0    ; 0            ; |PROCESSOR_PIPELINE|DATAPATH_PIPELINE:datapath_module|ALU:alu                                        ; work         ;
;          |lpm_mult:Mult0|               ; 28 (0)            ; 0 (0)        ; 0           ; 6            ; 0       ; 3         ; 0    ; 0            ; |PROCESSOR_PIPELINE|DATAPATH_PIPELINE:datapath_module|ALU:alu|lpm_mult:Mult0                         ; work         ;
;             |mult_l8t:auto_generated|   ; 28 (28)           ; 0 (0)        ; 0           ; 6            ; 0       ; 3         ; 0    ; 0            ; |PROCESSOR_PIPELINE|DATAPATH_PIPELINE:datapath_module|ALU:alu|lpm_mult:Mult0|mult_l8t:auto_generated ; work         ;
;       |CONTROL:control_unit|            ; 7 (7)             ; 0 (0)        ; 0           ; 0            ; 0       ; 0         ; 0    ; 0            ; |PROCESSOR_PIPELINE|DATAPATH_PIPELINE:datapath_module|CONTROL:control_unit                           ; work         ;
;       |EX_MEM_REG:ex_mem_reg|           ; 0 (0)             ; 38 (38)      ; 0           ; 0            ; 0       ; 0         ; 0    ; 0            ; |PROCESSOR_PIPELINE|DATAPATH_PIPELINE:datapath_module|EX_MEM_REG:ex_mem_reg                          ; work         ;
;       |FORWARDING_UNIT:forwarding_unit| ; 14 (14)           ; 0 (0)        ; 0           ; 0            ; 0       ; 0         ; 0    ; 0            ; |PROCESSOR_PIPELINE|DATAPATH_PIPELINE:datapath_module|FORWARDING_UNIT:forwarding_unit                ; work         ;
;       |ID_EX_REG:id_ex_reg|             ; 0 (0)             ; 78 (78)      ; 0           ; 0            ; 0       ; 0         ; 0    ; 0            ; |PROCESSOR_PIPELINE|DATAPATH_PIPELINE:datapath_module|ID_EX_REG:id_ex_reg                            ; work         ;
;       |IF_ID_REG:if_id_reg|             ; 0 (0)             ; 15 (15)      ; 0           ; 0            ; 0       ; 0         ; 0    ; 0            ; |PROCESSOR_PIPELINE|DATAPATH_PIPELINE:datapath_module|IF_ID_REG:if_id_reg                            ; work         ;
;       |MEM_WB_REG:mem_wb_reg|           ; 0 (0)             ; 38 (38)      ; 0           ; 0            ; 0       ; 0         ; 0    ; 0            ; |PROCESSOR_PIPELINE|DATAPATH_PIPELINE:datapath_module|MEM_WB_REG:mem_wb_reg                          ; work         ;
;       |REG_FILE:reg_file|               ; 793 (793)         ; 992 (992)    ; 0           ; 0            ; 0       ; 0         ; 0    ; 0            ; |PROCESSOR_PIPELINE|DATAPATH_PIPELINE:datapath_module|REG_FILE:reg_file                              ; work         ;
;    |IFU_PIPELINE:ifu_module|            ; 53 (30)           ; 30 (30)      ; 0           ; 0            ; 0       ; 0         ; 0    ; 0            ; |PROCESSOR_PIPELINE|IFU_PIPELINE:ifu_module                                                          ; work         ;
;       |INST_MEM:instr_mem|              ; 23 (23)           ; 0 (0)        ; 0           ; 0            ; 0       ; 0         ; 0    ; 0            ; |PROCESSOR_PIPELINE|IFU_PIPELINE:ifu_module|INST_MEM:instr_mem                                       ; work         ;
+-----------------------------------------+-------------------+--------------+-------------+--------------+---------+-----------+------+--------------+------------------------------------------------------------------------------------------------------+--------------+
Note: For table entries with two numbers listed, the numbers in parentheses indicate the number of resources of the given type used by the specific entity alone. The numbers listed outside of parentheses indicate the total resources of the given type used by the specific entity and all of its sub-entities in the hierarchy.


+-----------------------------------------------------+
; Analysis & Synthesis DSP Block Usage Summary        ;
+---------------------------------------+-------------+
; Statistic                             ; Number Used ;
+---------------------------------------+-------------+
; Simple Multipliers (9-bit)            ; 0           ;
; Simple Multipliers (18-bit)           ; 3           ;
; Embedded Multiplier Blocks            ; --          ;
; Embedded Multiplier 9-bit elements    ; 6           ;
; Signed Embedded Multipliers           ; 0           ;
; Unsigned Embedded Multipliers         ; 3           ;
; Mixed Sign Embedded Multipliers       ; 0           ;
; Variable Sign Embedded Multipliers    ; 0           ;
; Dedicated Input Shift Register Chains ; 0           ;
+---------------------------------------+-------------+
Note: number of Embedded Multiplier Blocks used is only available after a successful fit.


+---------------------------------------------------------------------------------------------------------------------------------------------------------------------------------+
; Registers Removed During Synthesis                                                                                                                                              ;
+------------------------------------------------------------------------------------------+--------------------------------------------------------------------------------------+
; Register name                                                                            ; Reason for Removal                                                                   ;
+------------------------------------------------------------------------------------------+--------------------------------------------------------------------------------------+
; DATAPATH_PIPELINE:datapath_module|IF_ID_REG:if_id_reg|id_instruction[2,3,6,15,26..29,31] ; Stuck at GND due to stuck port data_in                                               ;
; DATAPATH_PIPELINE:datapath_module|ID_EX_REG:id_ex_reg|ex_rs1[0]                          ; Stuck at GND due to stuck port data_in                                               ;
; DATAPATH_PIPELINE:datapath_module|IF_ID_REG:if_id_reg|id_instruction[0,1]                ; Merged with DATAPATH_PIPELINE:datapath_module|IF_ID_REG:if_id_reg|id_instruction[4]  ;
; DATAPATH_PIPELINE:datapath_module|ID_EX_REG:id_ex_reg|ex_rs2[4]                          ; Merged with DATAPATH_PIPELINE:datapath_module|ID_EX_REG:id_ex_reg|ex_rs1[4]          ;
; DATAPATH_PIPELINE:datapath_module|ID_EX_REG:id_ex_reg|ex_rs2[3]                          ; Merged with DATAPATH_PIPELINE:datapath_module|ID_EX_REG:id_ex_reg|ex_rs1[3]          ;
; DATAPATH_PIPELINE:datapath_module|ID_EX_REG:id_ex_reg|ex_rs2[2]                          ; Merged with DATAPATH_PIPELINE:datapath_module|ID_EX_REG:id_ex_reg|ex_rs1[2]          ;
; DATAPATH_PIPELINE:datapath_module|IF_ID_REG:if_id_reg|id_instruction[24]                 ; Merged with DATAPATH_PIPELINE:datapath_module|IF_ID_REG:if_id_reg|id_instruction[19] ;
; DATAPATH_PIPELINE:datapath_module|IF_ID_REG:if_id_reg|id_instruction[23]                 ; Merged with DATAPATH_PIPELINE:datapath_module|IF_ID_REG:if_id_reg|id_instruction[18] ;
; DATAPATH_PIPELINE:datapath_module|IF_ID_REG:if_id_reg|id_instruction[22]                 ; Merged with DATAPATH_PIPELINE:datapath_module|IF_ID_REG:if_id_reg|id_instruction[17] ;
; DATAPATH_PIPELINE:datapath_module|IF_ID_REG:if_id_reg|id_instruction[5]                  ; Merged with DATAPATH_PIPELINE:datapath_module|IF_ID_REG:if_id_reg|id_instruction[20] ;
; DATAPATH_PIPELINE:datapath_module|IF_ID_REG:if_id_reg|id_instruction[21]                 ; Merged with DATAPATH_PIPELINE:datapath_module|IF_ID_REG:if_id_reg|id_instruction[16] ;
; DATAPATH_PIPELINE:datapath_module|ID_EX_REG:id_ex_reg|ex_rs2[1]                          ; Merged with DATAPATH_PIPELINE:datapath_module|ID_EX_REG:id_ex_reg|ex_rs1[1]          ;
; DATAPATH_PIPELINE:datapath_module|REG_FILE:reg_file|reg_memory[0][0]                     ; Stuck at GND due to stuck port clock_enable                                          ;
; DATAPATH_PIPELINE:datapath_module|REG_FILE:reg_file|reg_memory[0][1]                     ; Stuck at GND due to stuck port clock_enable                                          ;
; DATAPATH_PIPELINE:datapath_module|REG_FILE:reg_file|reg_memory[0][2]                     ; Stuck at GND due to stuck port clock_enable                                          ;
; DATAPATH_PIPELINE:datapath_module|REG_FILE:reg_file|reg_memory[0][3]                     ; Stuck at GND due to stuck port clock_enable                                          ;
; DATAPATH_PIPELINE:datapath_module|REG_FILE:reg_file|reg_memory[0][4]                     ; Stuck at GND due to stuck port clock_enable                                          ;
; DATAPATH_PIPELINE:datapath_module|REG_FILE:reg_file|reg_memory[0][5]                     ; Stuck at GND due to stuck port clock_enable                                          ;
; DATAPATH_PIPELINE:datapath_module|REG_FILE:reg_file|reg_memory[0][6]                     ; Stuck at GND due to stuck port clock_enable                                          ;
; DATAPATH_PIPELINE:datapath_module|REG_FILE:reg_file|reg_memory[0][7]                     ; Stuck at GND due to stuck port clock_enable                                          ;
; DATAPATH_PIPELINE:datapath_module|REG_FILE:reg_file|reg_memory[0][8]                     ; Stuck at GND due to stuck port clock_enable                                          ;
; DATAPATH_PIPELINE:datapath_module|REG_FILE:reg_file|reg_memory[0][9]                     ; Stuck at GND due to stuck port clock_enable                                          ;
; DATAPATH_PIPELINE:datapath_module|REG_FILE:reg_file|reg_memory[0][10]                    ; Stuck at GND due to stuck port clock_enable                                          ;
; DATAPATH_PIPELINE:datapath_module|REG_FILE:reg_file|reg_memory[0][11]                    ; Stuck at GND due to stuck port clock_enable                                          ;
; DATAPATH_PIPELINE:datapath_module|REG_FILE:reg_file|reg_memory[0][12]                    ; Stuck at GND due to stuck port clock_enable                                          ;
; DATAPATH_PIPELINE:datapath_module|REG_FILE:reg_file|reg_memory[0][13]                    ; Stuck at GND due to stuck port clock_enable                                          ;
; DATAPATH_PIPELINE:datapath_module|REG_FILE:reg_file|reg_memory[0][14]                    ; Stuck at GND due to stuck port clock_enable                                          ;
; DATAPATH_PIPELINE:datapath_module|REG_FILE:reg_file|reg_memory[0][15]                    ; Stuck at GND due to stuck port clock_enable                                          ;
; DATAPATH_PIPELINE:datapath_module|REG_FILE:reg_file|reg_memory[0][16]                    ; Stuck at GND due to stuck port clock_enable                                          ;
; DATAPATH_PIPELINE:datapath_module|REG_FILE:reg_file|reg_memory[0][17]                    ; Stuck at GND due to stuck port clock_enable                                          ;
; DATAPATH_PIPELINE:datapath_module|REG_FILE:reg_file|reg_memory[0][18]                    ; Stuck at GND due to stuck port clock_enable                                          ;
; DATAPATH_PIPELINE:datapath_module|REG_FILE:reg_file|reg_memory[0][19]                    ; Stuck at GND due to stuck port clock_enable                                          ;
; DATAPATH_PIPELINE:datapath_module|REG_FILE:reg_file|reg_memory[0][20]                    ; Stuck at GND due to stuck port clock_enable                                          ;
; DATAPATH_PIPELINE:datapath_module|REG_FILE:reg_file|reg_memory[0][21]                    ; Stuck at GND due to stuck port clock_enable                                          ;
; DATAPATH_PIPELINE:datapath_module|REG_FILE:reg_file|reg_memory[0][22]                    ; Stuck at GND due to stuck port clock_enable                                          ;
; DATAPATH_PIPELINE:datapath_module|REG_FILE:reg_file|reg_memory[0][23]                    ; Stuck at GND due to stuck port clock_enable                                          ;
; DATAPATH_PIPELINE:datapath_module|REG_FILE:reg_file|reg_memory[0][24]                    ; Stuck at GND due to stuck port clock_enable                                          ;
; DATAPATH_PIPELINE:datapath_module|REG_FILE:reg_file|reg_memory[0][25]                    ; Stuck at GND due to stuck port clock_enable                                          ;
; DATAPATH_PIPELINE:datapath_module|REG_FILE:reg_file|reg_memory[0][26]                    ; Stuck at GND due to stuck port clock_enable                                          ;
; DATAPATH_PIPELINE:datapath_module|REG_FILE:reg_file|reg_memory[0][27]                    ; Stuck at GND due to stuck port clock_enable                                          ;
; DATAPATH_PIPELINE:datapath_module|REG_FILE:reg_file|reg_memory[0][28]                    ; Stuck at GND due to stuck port clock_enable                                          ;
; DATAPATH_PIPELINE:datapath_module|REG_FILE:reg_file|reg_memory[0][29]                    ; Stuck at GND due to stuck port clock_enable                                          ;
; DATAPATH_PIPELINE:datapath_module|REG_FILE:reg_file|reg_memory[0][30]                    ; Stuck at GND due to stuck port clock_enable                                          ;
; DATAPATH_PIPELINE:datapath_module|REG_FILE:reg_file|reg_memory[0][31]                    ; Stuck at GND due to stuck port clock_enable                                          ;
; DATAPATH_PIPELINE:datapath_module|IF_ID_REG:if_id_reg|id_instruction[4]                  ; Stuck at VCC due to stuck port data_in                                               ;
; DATAPATH_PIPELINE:datapath_module|ID_EX_REG:id_ex_reg|ex_regwrite                        ; Merged with DATAPATH_PIPELINE:datapath_module|ID_EX_REG:id_ex_reg|ex_rs2[0]          ;
; Total Number of Removed Registers = 55                                                   ;                                                                                      ;
+------------------------------------------------------------------------------------------+--------------------------------------------------------------------------------------+


+------------------------------------------------------------------------------------------------------------------------------------------------------------------------+
; Removed Registers Triggering Further Register Optimizations                                                                                                            ;
+--------------------------------------------------------------------------+---------------------------+-----------------------------------------------------------------+
; Register name                                                            ; Reason for Removal        ; Registers Removed due to This Register                          ;
+--------------------------------------------------------------------------+---------------------------+-----------------------------------------------------------------+
; DATAPATH_PIPELINE:datapath_module|IF_ID_REG:if_id_reg|id_instruction[15] ; Stuck at GND              ; DATAPATH_PIPELINE:datapath_module|ID_EX_REG:id_ex_reg|ex_rs1[0] ;
;                                                                          ; due to stuck port data_in ;                                                                 ;
+--------------------------------------------------------------------------+---------------------------+-----------------------------------------------------------------+


+------------------------------------------------------+
; General Register Statistics                          ;
+----------------------------------------------+-------+
; Statistic                                    ; Value ;
+----------------------------------------------+-------+
; Total registers                              ; 1191  ;
; Number of registers using Synchronous Clear  ; 14    ;
; Number of registers using Synchronous Load   ; 0     ;
; Number of registers using Asynchronous Clear ; 1191  ;
; Number of registers using Asynchronous Load  ; 0     ;
; Number of registers using Clock Enable       ; 992   ;
; Number of registers using Preset             ; 0     ;
+----------------------------------------------+-------+


+----------------------------------------------------------------------------------+
; Inverted Register Statistics                                                     ;
+------------------------------------------------------------------------+---------+
; Inverted Register                                                      ; Fan out ;
+------------------------------------------------------------------------+---------+
; DATAPATH_PIPELINE:datapath_module|REG_FILE:reg_file|reg_memory[13][0]  ; 1       ;
; DATAPATH_PIPELINE:datapath_module|REG_FILE:reg_file|reg_memory[9][0]   ; 1       ;
; DATAPATH_PIPELINE:datapath_module|REG_FILE:reg_file|reg_memory[23][0]  ; 1       ;
; DATAPATH_PIPELINE:datapath_module|REG_FILE:reg_file|reg_memory[8][0]   ; 1       ;
; DATAPATH_PIPELINE:datapath_module|REG_FILE:reg_file|reg_memory[14][0]  ; 1       ;
; DATAPATH_PIPELINE:datapath_module|REG_FILE:reg_file|reg_memory[26][0]  ; 1       ;
; DATAPATH_PIPELINE:datapath_module|REG_FILE:reg_file|reg_memory[12][15] ; 1       ;
; DATAPATH_PIPELINE:datapath_module|REG_FILE:reg_file|reg_memory[12][14] ; 1       ;
; DATAPATH_PIPELINE:datapath_module|REG_FILE:reg_file|reg_memory[12][13] ; 1       ;
; DATAPATH_PIPELINE:datapath_module|REG_FILE:reg_file|reg_memory[12][12] ; 1       ;
; DATAPATH_PIPELINE:datapath_module|REG_FILE:reg_file|reg_memory[12][11] ; 1       ;
; DATAPATH_PIPELINE:datapath_module|REG_FILE:reg_file|reg_memory[12][10] ; 1       ;
; DATAPATH_PIPELINE:datapath_module|REG_FILE:reg_file|reg_memory[12][9]  ; 1       ;
; DATAPATH_PIPELINE:datapath_module|REG_FILE:reg_file|reg_memory[12][8]  ; 1       ;
; DATAPATH_PIPELINE:datapath_module|REG_FILE:reg_file|reg_memory[26][7]  ; 1       ;
; DATAPATH_PIPELINE:datapath_module|REG_FILE:reg_file|reg_memory[13][7]  ; 1       ;
; DATAPATH_PIPELINE:datapath_module|REG_FILE:reg_file|reg_memory[15][7]  ; 1       ;
; DATAPATH_PIPELINE:datapath_module|REG_FILE:reg_file|reg_memory[14][6]  ; 1       ;
; DATAPATH_PIPELINE:datapath_module|REG_FILE:reg_file|reg_memory[26][6]  ; 1       ;
; DATAPATH_PIPELINE:datapath_module|REG_FILE:reg_file|reg_memory[13][6]  ; 1       ;
; DATAPATH_PIPELINE:datapath_module|REG_FILE:reg_file|reg_memory[26][5]  ; 1       ;
; DATAPATH_PIPELINE:datapath_module|REG_FILE:reg_file|reg_memory[13][5]  ; 1       ;
; DATAPATH_PIPELINE:datapath_module|REG_FILE:reg_file|reg_memory[15][5]  ; 1       ;
; DATAPATH_PIPELINE:datapath_module|REG_FILE:reg_file|reg_memory[14][4]  ; 1       ;
; DATAPATH_PIPELINE:datapath_module|REG_FILE:reg_file|reg_memory[26][4]  ; 1       ;
; DATAPATH_PIPELINE:datapath_module|REG_FILE:reg_file|reg_memory[24][4]  ; 1       ;
; DATAPATH_PIPELINE:datapath_module|REG_FILE:reg_file|reg_memory[13][4]  ; 1       ;
; DATAPATH_PIPELINE:datapath_module|REG_FILE:reg_file|reg_memory[18][3]  ; 1       ;
; DATAPATH_PIPELINE:datapath_module|REG_FILE:reg_file|reg_memory[22][3]  ; 1       ;
; DATAPATH_PIPELINE:datapath_module|REG_FILE:reg_file|reg_memory[26][3]  ; 1       ;
; DATAPATH_PIPELINE:datapath_module|REG_FILE:reg_file|reg_memory[13][3]  ; 1       ;
; DATAPATH_PIPELINE:datapath_module|REG_FILE:reg_file|reg_memory[15][3]  ; 1       ;
; DATAPATH_PIPELINE:datapath_module|REG_FILE:reg_file|reg_memory[20][2]  ; 1       ;
; DATAPATH_PIPELINE:datapath_module|REG_FILE:reg_file|reg_memory[8][2]   ; 1       ;
; DATAPATH_PIPELINE:datapath_module|REG_FILE:reg_file|reg_memory[14][2]  ; 1       ;
; DATAPATH_PIPELINE:datapath_module|REG_FILE:reg_file|reg_memory[26][2]  ; 1       ;
; DATAPATH_PIPELINE:datapath_module|REG_FILE:reg_file|reg_memory[27][2]  ; 1       ;
; DATAPATH_PIPELINE:datapath_module|REG_FILE:reg_file|reg_memory[13][2]  ; 1       ;
; DATAPATH_PIPELINE:datapath_module|REG_FILE:reg_file|reg_memory[21][2]  ; 1       ;
; DATAPATH_PIPELINE:datapath_module|REG_FILE:reg_file|reg_memory[23][2]  ; 1       ;
; DATAPATH_PIPELINE:datapath_module|REG_FILE:reg_file|reg_memory[22][1]  ; 1       ;
; DATAPATH_PIPELINE:datapath_module|REG_FILE:reg_file|reg_memory[26][1]  ; 1       ;
; DATAPATH_PIPELINE:datapath_module|REG_FILE:reg_file|reg_memory[19][1]  ; 1       ;
; DATAPATH_PIPELINE:datapath_module|REG_FILE:reg_file|reg_memory[21][1]  ; 1       ;
; DATAPATH_PIPELINE:datapath_module|REG_FILE:reg_file|reg_memory[13][1]  ; 1       ;
; DATAPATH_PIPELINE:datapath_module|REG_FILE:reg_file|reg_memory[9][1]   ; 1       ;
; DATAPATH_PIPELINE:datapath_module|REG_FILE:reg_file|reg_memory[25][1]  ; 1       ;
; DATAPATH_PIPELINE:datapath_module|REG_FILE:reg_file|reg_memory[15][1]  ; 1       ;
; DATAPATH_PIPELINE:datapath_module|REG_FILE:reg_file|reg_memory[23][1]  ; 1       ;
; Total number of inverted registers = 49                                ;         ;
+------------------------------------------------------------------------+---------+


+-----------------------------------------------------------------------------------------------------------------------------------------------------------------------------------------------------------+
; Multiplexer Restructuring Statistics (Restructuring Performed)                                                                                                                                            ;
+--------------------+-----------+---------------+----------------------+------------------------+------------+---------------------------------------------------------------------------------------------+
; Multiplexer Inputs ; Bus Width ; Baseline Area ; Area if Restructured ; Saving if Restructured ; Registered ; Example Multiplexer Output                                                                  ;
+--------------------+-----------+---------------+----------------------+------------------------+------------+---------------------------------------------------------------------------------------------+
; 18:1               ; 32 bits   ; 384 LEs       ; 384 LEs              ; 0 LEs                  ; Yes        ; |PROCESSOR_PIPELINE|DATAPATH_PIPELINE:datapath_module|ID_EX_REG:id_ex_reg|ex_read_data2[10] ;
; 4:1                ; 32 bits   ; 64 LEs        ; 64 LEs               ; 0 LEs                  ; No         ; |PROCESSOR_PIPELINE|DATAPATH_PIPELINE:datapath_module|ex_alu_input_a[31]                    ;
; 4:1                ; 32 bits   ; 64 LEs        ; 64 LEs               ; 0 LEs                  ; No         ; |PROCESSOR_PIPELINE|DATAPATH_PIPELINE:datapath_module|ex_alu_input_b[23]                    ;
; 19:1               ; 8 bits    ; 96 LEs        ; 48 LEs               ; 48 LEs                 ; No         ; |PROCESSOR_PIPELINE|DATAPATH_PIPELINE:datapath_module|ALU:alu|Mux15                         ;
; 19:1               ; 8 bits    ; 96 LEs        ; 48 LEs               ; 48 LEs                 ; No         ; |PROCESSOR_PIPELINE|DATAPATH_PIPELINE:datapath_module|ALU:alu|Mux16                         ;
; 20:1               ; 4 bits    ; 52 LEs        ; 28 LEs               ; 24 LEs                 ; No         ; |PROCESSOR_PIPELINE|DATAPATH_PIPELINE:datapath_module|ALU:alu|Mux4                          ;
; 20:1               ; 4 bits    ; 52 LEs        ; 28 LEs               ; 24 LEs                 ; No         ; |PROCESSOR_PIPELINE|DATAPATH_PIPELINE:datapath_module|ALU:alu|Mux27                         ;
; 21:1               ; 2 bits    ; 28 LEs        ; 16 LEs               ; 12 LEs                 ; No         ; |PROCESSOR_PIPELINE|DATAPATH_PIPELINE:datapath_module|ALU:alu|Mux2                          ;
; 21:1               ; 2 bits    ; 28 LEs        ; 16 LEs               ; 12 LEs                 ; No         ; |PROCESSOR_PIPELINE|DATAPATH_PIPELINE:datapath_module|ALU:alu|Mux28                         ;
; 22:1               ; 2 bits    ; 28 LEs        ; 16 LEs               ; 12 LEs                 ; No         ; |PROCESSOR_PIPELINE|DATAPATH_PIPELINE:datapath_module|ALU:alu|Mux0                          ;
; 16:1               ; 32 bits   ; 320 LEs       ; 320 LEs              ; 0 LEs                  ; No         ; |PROCESSOR_PIPELINE|DATAPATH_PIPELINE:datapath_module|REG_FILE:reg_file|Mux31               ;
+--------------------+-----------+---------------+----------------------+------------------------+------------+---------------------------------------------------------------------------------------------+


+-----------------------------------------------------------------------------------------------------------+
; Parameter Settings for Inferred Entity Instance: DATAPATH_PIPELINE:datapath_module|ALU:alu|lpm_mult:Mult0 ;
+------------------------------------------------+------------+---------------------------------------------+
; Parameter Name                                 ; Value      ; Type                                        ;
+------------------------------------------------+------------+---------------------------------------------+
; AUTO_CARRY_CHAINS                              ; ON         ; AUTO_CARRY                                  ;
; IGNORE_CARRY_BUFFERS                           ; OFF        ; IGNORE_CARRY                                ;
; AUTO_CASCADE_CHAINS                            ; ON         ; AUTO_CASCADE                                ;
; IGNORE_CASCADE_BUFFERS                         ; OFF        ; IGNORE_CASCADE                              ;
; LPM_WIDTHA                                     ; 32         ; Untyped                                     ;
; LPM_WIDTHB                                     ; 32         ; Untyped                                     ;
; LPM_WIDTHP                                     ; 64         ; Untyped                                     ;
; LPM_WIDTHR                                     ; 64         ; Untyped                                     ;
; LPM_WIDTHS                                     ; 1          ; Untyped                                     ;
; LPM_REPRESENTATION                             ; UNSIGNED   ; Untyped                                     ;
; LPM_PIPELINE                                   ; 0          ; Untyped                                     ;
; LATENCY                                        ; 0          ; Untyped                                     ;
; INPUT_A_IS_CONSTANT                            ; NO         ; Untyped                                     ;
; INPUT_B_IS_CONSTANT                            ; NO         ; Untyped                                     ;
; USE_EAB                                        ; OFF        ; Untyped                                     ;
; MAXIMIZE_SPEED                                 ; 5          ; Untyped                                     ;
; DEVICE_FAMILY                                  ; Cyclone II ; Untyped                                     ;
; CARRY_CHAIN                                    ; MANUAL     ; Untyped                                     ;
; APEX20K_TECHNOLOGY_MAPPER                      ; LUT        ; TECH_MAPPER_APEX20K                         ;
; DEDICATED_MULTIPLIER_CIRCUITRY                 ; AUTO       ; Untyped                                     ;
; DEDICATED_MULTIPLIER_MIN_INPUT_WIDTH_FOR_AUTO  ; 0          ; Untyped                                     ;
; DEDICATED_MULTIPLIER_MIN_OUTPUT_WIDTH_FOR_AUTO ; 0          ; Untyped                                     ;
; CBXI_PARAMETER                                 ; mult_l8t   ; Untyped                                     ;
; INPUT_A_FIXED_VALUE                            ; Bx         ; Untyped                                     ;
; INPUT_B_FIXED_VALUE                            ; Bx         ; Untyped                                     ;
; USE_AHDL_IMPLEMENTATION                        ; OFF        ; Untyped                                     ;
+------------------------------------------------+------------+---------------------------------------------+
Note: In order to hide this table in the UI and the text report file, please set the "Show Parameter Settings in Synthesis Report" option in "Analysis and Synthesis Settings -> More Settings" to "Off".


+--------------------------------------------------------------------------------------------------+
; lpm_mult Parameter Settings by Entity Instance                                                   ;
+---------------------------------------+----------------------------------------------------------+
; Name                                  ; Value                                                    ;
+---------------------------------------+----------------------------------------------------------+
; Number of entity instances            ; 1                                                        ;
; Entity Instance                       ; DATAPATH_PIPELINE:datapath_module|ALU:alu|lpm_mult:Mult0 ;
;     -- LPM_WIDTHA                     ; 32                                                       ;
;     -- LPM_WIDTHB                     ; 32                                                       ;
;     -- LPM_WIDTHP                     ; 64                                                       ;
;     -- LPM_REPRESENTATION             ; UNSIGNED                                                 ;
;     -- INPUT_A_IS_CONSTANT            ; NO                                                       ;
;     -- INPUT_B_IS_CONSTANT            ; NO                                                       ;
;     -- USE_EAB                        ; OFF                                                      ;
;     -- DEDICATED_MULTIPLIER_CIRCUITRY ; AUTO                                                     ;
;     -- INPUT_A_FIXED_VALUE            ; Bx                                                       ;
;     -- INPUT_B_FIXED_VALUE            ; Bx                                                       ;
+---------------------------------------+----------------------------------------------------------+


+-------------------------------------------------------------------------------------------------+
; Port Connectivity Checks: "DATAPATH_PIPELINE:datapath_module|HAZARD_DETECTION:hazard_detection" ;
+----------------+-------+----------+-------------------------------------------------------------+
; Port           ; Type  ; Severity ; Details                                                     ;
+----------------+-------+----------+-------------------------------------------------------------+
; id_ex_mem_read ; Input ; Info     ; Stuck at GND                                                ;
+----------------+-------+----------+-------------------------------------------------------------+


+-------------------------------------------------------------------------------------+
; Port Connectivity Checks: "DATAPATH_PIPELINE:datapath_module|MEM_WB_REG:mem_wb_reg" ;
+---------------+--------+----------+-------------------------------------------------+
; Port          ; Type   ; Severity ; Details                                         ;
+---------------+--------+----------+-------------------------------------------------+
; mem_read_data ; Input  ; Info     ; Stuck at GND                                    ;
; wb_read_data  ; Output ; Info     ; Explicitly unconnected                          ;
+---------------+--------+----------+-------------------------------------------------+


+--------------------------------------------------------------------------------------------------------------------------+
; Port Connectivity Checks: "DATAPATH_PIPELINE:datapath_module|EX_MEM_REG:ex_mem_reg"                                      ;
+----------------+--------+----------+-------------------------------------------------------------------------------------+
; Port           ; Type   ; Severity ; Details                                                                             ;
+----------------+--------+----------+-------------------------------------------------------------------------------------+
; mem_write_data ; Output ; Info     ; Connected to dangling logic. Logic that only feeds a dangling port will be removed. ;
; mem_zero       ; Output ; Info     ; Connected to dangling logic. Logic that only feeds a dangling port will be removed. ;
+----------------+--------+----------+-------------------------------------------------------------------------------------+


+-----------------------------------------------------------------------------------------------------------------+
; Port Connectivity Checks: "DATAPATH_PIPELINE:datapath_module|ID_EX_REG:id_ex_reg"                               ;
+-------+--------+----------+-------------------------------------------------------------------------------------+
; Port  ; Type   ; Severity ; Details                                                                             ;
+-------+--------+----------+-------------------------------------------------------------------------------------+
; ex_pc ; Output ; Info     ; Connected to dangling logic. Logic that only feeds a dangling port will be removed. ;
+-------+--------+----------+-------------------------------------------------------------------------------------+


+-----------------------------------------------------------------------------------+
; Port Connectivity Checks: "DATAPATH_PIPELINE:datapath_module|IF_ID_REG:if_id_reg" ;
+-------+-------+----------+--------------------------------------------------------+
; Port  ; Type  ; Severity ; Details                                                ;
+-------+-------+----------+--------------------------------------------------------+
; flush ; Input ; Info     ; Stuck at GND                                           ;
+-------+-------+----------+--------------------------------------------------------+


+-------------------------------------------------------------------------------------------------------------------------+
; Port Connectivity Checks: "DATAPATH_PIPELINE:datapath_module"                                                           ;
+---------------+--------+----------+-------------------------------------------------------------------------------------+
; Port          ; Type   ; Severity ; Details                                                                             ;
+---------------+--------+----------+-------------------------------------------------------------------------------------+
; wb_write_data ; Output ; Info     ; Connected to dangling logic. Logic that only feeds a dangling port will be removed. ;
; wb_rd         ; Output ; Info     ; Connected to dangling logic. Logic that only feeds a dangling port will be removed. ;
; wb_regwrite   ; Output ; Info     ; Connected to dangling logic. Logic that only feeds a dangling port will be removed. ;
+---------------+--------+----------+-------------------------------------------------------------------------------------+


+------------------------------------------------------------------------+
; Port Connectivity Checks: "IFU_PIPELINE:ifu_module|INST_MEM:instr_mem" ;
+----------+-------+----------+------------------------------------------+
; Port     ; Type  ; Severity ; Details                                  ;
+----------+-------+----------+------------------------------------------+
; PC[1..0] ; Input ; Info     ; Stuck at GND                             ;
+----------+-------+----------+------------------------------------------+


+-------------------------------+
; Elapsed Time Per Partition    ;
+----------------+--------------+
; Partition Name ; Elapsed Time ;
+----------------+--------------+
; Top            ; 00:00:02     ;
+----------------+--------------+


+-------------------------------+
; Analysis & Synthesis Messages ;
+-------------------------------+
Info: *******************************************************************
Info: Running Quartus II 64-Bit Analysis & Synthesis
    Info: Version 13.0.1 Build 232 06/12/2013 Service Pack 1 SJ Web Edition
    Info: Processing started: Tue Dec 16 09:42:11 2025
Info: Command: quartus_map --read_settings_files=on --write_settings_files=off PROCESSOR_PIPELINE -c PROCESSOR_PIPELINE
Warning (20028): Parallel compilation is not licensed and has been disabled
Info (12021): Found 2 design units, including 2 entities, in source file processor_pipeline.v
    Info (12023): Found entity 1: PROCESSOR_PIPELINE
    Info (12023): Found entity 2: IFU_PIPELINE
Info (12021): Found 1 design units, including 1 entities, in source file datapath_pipeline.v
    Info (12023): Found entity 1: DATAPATH_PIPELINE
Info (12021): Found 1 design units, including 1 entities, in source file if_id_reg.v
    Info (12023): Found entity 1: IF_ID_REG
Info (12021): Found 1 design units, including 1 entities, in source file id_ex_reg.v
    Info (12023): Found entity 1: ID_EX_REG
Info (12021): Found 1 design units, including 1 entities, in source file ex_mem_reg.v
    Info (12023): Found entity 1: EX_MEM_REG
Info (12021): Found 1 design units, including 1 entities, in source file mem_wb_reg.v
    Info (12023): Found entity 1: MEM_WB_REG
Info (12021): Found 1 design units, including 1 entities, in source file forwarding_unit.v
    Info (12023): Found entity 1: FORWARDING_UNIT
Info (12021): Found 1 design units, including 1 entities, in source file hazard_detection.v
    Info (12023): Found entity 1: HAZARD_DETECTION
Info (12021): Found 1 design units, including 1 entities, in source file alu.v
    Info (12023): Found entity 1: ALU
Info (12021): Found 1 design units, including 1 entities, in source file inst_mem.v
    Info (12023): Found entity 1: INST_MEM
Info (12021): Found 1 design units, including 1 entities, in source file processor_pipeline_tb.v
    Info (12023): Found entity 1: PROCESSOR_PIPELINE_tb
Info (12021): Found 1 design units, including 1 entities, in source file control.v
    Info (12023): Found entity 1: CONTROL
Info (12021): Found 1 design units, including 1 entities, in source file reg_file.v
    Info (12023): Found entity 1: REG_FILE
Info (12127): Elaborating entity "PROCESSOR_PIPELINE" for the top level hierarchy
Info (12128): Elaborating entity "IFU_PIPELINE" for hierarchy "IFU_PIPELINE:ifu_module"
Warning (10240): Verilog HDL Always Construct warning at PROCESSOR_PIPELINE.v(79): inferring latch(es) for variable "if_pc", which holds its previous value in one or more paths through the always construct
Info (10041): Inferred latch for "if_pc[0]" at PROCESSOR_PIPELINE.v(79)
Info (10041): Inferred latch for "if_pc[1]" at PROCESSOR_PIPELINE.v(79)
Info (12128): Elaborating entity "INST_MEM" for hierarchy "IFU_PIPELINE:ifu_module|INST_MEM:instr_mem"
Warning (10762): Verilog HDL Case Statement warning at INST_MEM.v(16): can't check case statement for completeness because the case expression has too many possible states
Info (12128): Elaborating entity "DATAPATH_PIPELINE" for hierarchy "DATAPATH_PIPELINE:datapath_module"
Info (12128): Elaborating entity "IF_ID_REG" for hierarchy "DATAPATH_PIPELINE:datapath_module|IF_ID_REG:if_id_reg"
Info (12128): Elaborating entity "CONTROL" for hierarchy "DATAPATH_PIPELINE:datapath_module|CONTROL:control_unit"
Info (12128): Elaborating entity "REG_FILE" for hierarchy "DATAPATH_PIPELINE:datapath_module|REG_FILE:reg_file"
Warning (10240): Verilog HDL Always Construct warning at REG_FILE.v(23): inferring latch(es) for variable "i", which holds its previous value in one or more paths through the always construct
Info (12128): Elaborating entity "ID_EX_REG" for hierarchy "DATAPATH_PIPELINE:datapath_module|ID_EX_REG:id_ex_reg"
Info (12128): Elaborating entity "FORWARDING_UNIT" for hierarchy "DATAPATH_PIPELINE:datapath_module|FORWARDING_UNIT:forwarding_unit"
Info (12128): Elaborating entity "ALU" for hierarchy "DATAPATH_PIPELINE:datapath_module|ALU:alu"
Info (12128): Elaborating entity "EX_MEM_REG" for hierarchy "DATAPATH_PIPELINE:datapath_module|EX_MEM_REG:ex_mem_reg"
Info (12128): Elaborating entity "MEM_WB_REG" for hierarchy "DATAPATH_PIPELINE:datapath_module|MEM_WB_REG:mem_wb_reg"
Info (12128): Elaborating entity "HAZARD_DETECTION" for hierarchy "DATAPATH_PIPELINE:datapath_module|HAZARD_DETECTION:hazard_detection"
Info (278001): Inferred 1 megafunctions from design logic
    Info (278003): Inferred multiplier megafunction ("lpm_mult") from the following logic: "DATAPATH_PIPELINE:datapath_module|ALU:alu|Mult0"
Info (12130): Elaborated megafunction instantiation "DATAPATH_PIPELINE:datapath_module|ALU:alu|lpm_mult:Mult0"
Info (12133): Instantiated megafunction "DATAPATH_PIPELINE:datapath_module|ALU:alu|lpm_mult:Mult0" with the following parameter:
    Info (12134): Parameter "LPM_WIDTHA" = "32"
    Info (12134): Parameter "LPM_WIDTHB" = "32"
    Info (12134): Parameter "LPM_WIDTHP" = "64"
    Info (12134): Parameter "LPM_WIDTHR" = "64"
    Info (12134): Parameter "LPM_WIDTHS" = "1"
    Info (12134): Parameter "LPM_REPRESENTATION" = "UNSIGNED"
    Info (12134): Parameter "INPUT_A_IS_CONSTANT" = "NO"
    Info (12134): Parameter "INPUT_B_IS_CONSTANT" = "NO"
    Info (12134): Parameter "MAXIMIZE_SPEED" = "5"
Info (12021): Found 1 design units, including 1 entities, in source file db/mult_l8t.tdf
    Info (12023): Found entity 1: mult_l8t
Warning (14284): Synthesized away the following node(s):
    Warning (14285): Synthesized away the following DSP element node(s):
        Warning (14320): Synthesized away node "DATAPATH_PIPELINE:datapath_module|ALU:alu|lpm_mult:Mult0|mult_l8t:auto_generated|mac_mult7"
        Warning (14320): Synthesized away node "DATAPATH_PIPELINE:datapath_module|ALU:alu|lpm_mult:Mult0|mult_l8t:auto_generated|mac_out8"
Info (13014): Ignored 84 buffer(s)
    Info (13019): Ignored 84 SOFT buffer(s)
Info (13000): Registers with preset signals will power-up high
Info (13003): DEV_CLRn pin will set, and not reset, register with preset signal due to NOT Gate Push-Back
Info (16010): Generating hard_block partition "hard_block:auto_generated_inst"
    Info (16011): Adding 0 node(s), including 0 DDIO, 0 PLL, 0 transceiver and 0 LCELL
Info (21057): Implemented 2675 device resources after synthesis - the final resource count might be different
    Info (21058): Implemented 2 input pins
    Info (21059): Implemented 1 output pins
    Info (21061): Implemented 2666 logic cells
    Info (21062): Implemented 6 DSP elements
Info: Quartus II 64-Bit Analysis & Synthesis was successful. 0 errors, 8 warnings
    Info: Peak virtual memory: 4629 megabytes
    Info: Processing ended: Tue Dec 16 09:42:14 2025
    Info: Elapsed time: 00:00:03
    Info: Total CPU time (on all processors): 00:00:03


